[videojs.github.io/videojs-contrib-hls/index.html]
[videojs.github.io/videojs-contrib-hls/favicon.ico]
[backblue.gif]
[fade.gif]
[index.html]
[videojs.github.io/videojs-contrib-hls/node_modules/bootstrap/dist/css/bootstrap.min.css]
[videojs.github.io/videojs-contrib-hls/node_modules/bootstrap/dist/js/bootstrap.min.js]
[videojs.github.io/videojs-contrib-hls/js/ie10-viewport-bug-workaround.js]
[unpkg.com/video.js/dist/video-js.5.delayed]
[unpkg.com/video.js@7.19.2/dist/video-js.css]
[unpkg.com/video.js/dist/video.7.delayed]
[unpkg.com/videojs-flash/dist/videojs-flash.js]
[unpkg.com/video.js@7.19.2/dist/video.js]
[unpkg.com/videojs-flash@2.2.1/dist/videojs-flash.js]
[unpkg.com/videojs-contrib-hls/dist/videojs-contrib-hls.js]
[videojs.github.io/videojs-contrib-hls/index.html]
[videojs.github.io/videojs-contrib-hls/node_modules/bootstrap/dist/fonts/glyphicons-halflings-regular.eot]
[videojs.github.io/videojs-contrib-hls/node_modules/bootstrap/dist/fonts/glyphicons-halflings-regulard41d.eot]
[videojs.github.io/videojs-contrib-hls/node_modules/bootstrap/dist/fonts/glyphicons-halflings-regular.woff2]
[videojs.github.io/videojs-contrib-hls/node_modules/bootstrap/dist/fonts/glyphicons-halflings-regular.woff]
[videojs.github.io/videojs-contrib-hls/node_modules/bootstrap/dist/fonts/glyphicons-halflings-regular.ttf]
[videojs.github.io/videojs-contrib-hls/node_modules/bootstrap/dist/fonts/glyphicons-halflings-regular.svg]
[videojs.github.io/videojs-contrib-hls/node_modules/bootstrap/dist/css/bootstrap.min.css]
[unpkg.com/video.js@7.19.2/dist/video-js.css]
[unpkg.com/videojs-contrib-hls@5.15.0/dist/videojs-contrib-hls.js]
[videojs.github.io/videojs-contrib-hls/node_modules/bootstrap/dist/fonts/glyphicons-halflings-regular.html]
[videojs.github.io/videojs-contrib-hls/node_modules/bootstrap/dist/fonts/glyphicons-halflings-regulard41d.html]
[videojs.github.io/videojs-contrib-hls/node_modules/bootstrap/dist/fonts/glyphicons-halflings-regular-2.html]
[videojs.github.io/videojs-contrib-hls/node_modules/bootstrap/dist/fonts/glyphicons-halflings-regular-3.html]
[videojs.github.io/videojs-contrib-hls/node_modules/bootstrap/dist/fonts/glyphicons-halflings-regular-4.html]
[videojs.github.io/videojs-contrib-hls/node_modules/bootstrap/dist/fonts/glyphicons-halflings-regular-5.html]
[ajax.googleapis.com/ajax/libs/jquery/1.11.2/jquery.min.js]
